I'm sorry, but errors were detected in your script. Please correct the
errors listed below, and try again.


File "game/screens.rpy", line 147: style property xpos appears twice.
    xpos 20
        ^

Ren'Py Version: Ren'Py 8.4.1.25072401
Fri Oct 17 23:03:11 2025
